
     | | | | | | |
   _________________
  -|               |-
  -|               |-
  -|               |-
  -|    CYPRESS    |-
  -|               |-
  -|               |-   Warp VHDL Synthesis Compiler: Version 6.3 IR 35
  -|               |-   Copyright (C) 1991-2001 Cypress Semiconductor
   |_______________|
     | | | | | | |

======================================================================
Compiling:  main.vhd
Options:    -yu -e10 -w100 -o2 -ygs -fP -v10 -dc22v10 -ppalce22v10-25pc/pi -a main.vhd -a resta.vhd -a sumador.vhd -u SumRes4.hie
======================================================================

vhdlfe V6.3 IR 35:  VHDL parser
Tue Dec 10 11:07:27 2024

Library 'work' => directory 'lc22v10'
Linking 'C:\Program Files (x86)\Cypress\Warp\bin\std.vhd'.
Linking 'C:\Program Files (x86)\Cypress\Warp\lib\common\cypress.vhd'.
Linking 'C:\Program Files (x86)\Cypress\Warp\lib\common\work\cypress.vif'.
Library 'ieee' => directory 'C:\Program Files (x86)\Cypress\Warp\lib\ieee\work'
Linking 'C:\Program Files (x86)\Cypress\Warp\lib\ieee\work\stdlogic.vif'.

vhdlfe:  No errors.


tovif V6.3 IR 35:  High-level synthesis
Tue Dec 10 11:07:27 2024

Linking 'C:\Program Files (x86)\Cypress\Warp\bin\std.vhd'.
Linking 'C:\Program Files (x86)\Cypress\Warp\lib\common\cypress.vhd'.
Linking 'C:\Program Files (x86)\Cypress\Warp\lib\common\work\cypress.vif'.
Linking 'C:\Program Files (x86)\Cypress\Warp\lib\ieee\work\stdlogic.vif'.
Added entity 'sum_res' to library 'work'
Added architecture 'asum_res' to library 'work'

tovif:  No errors.

